// Jest Snapshot v1, https://goo.gl/fbAQLP

exports[`Layout/Row basic render 1`] = `
<div
  class="row test"
>
  <div>
    test
  </div>
</div>
`;
