// Jest Snapshot v1, https://goo.gl/fbAQLP

exports[`<App/> basic render 1`] = `
<div
  class="main"
/>
`;
