// Jest Snapshot v1, https://goo.gl/fbAQLP

exports[`<App/> basic render 1`] = `
Array [
  <div
    class="header header darkHeader"
  >
    <div
      class="wrapper"
    >
      <a
        aria-current="false"
        class="logo"
        href="/"
      >
        <img
          alt="logo"
          height="100%"
          src="/assets/logo_dark.svg"
        />
      </a>
      <div
        class="menus"
      >
        <a
          aria-current="false"
          href="/apps"
        />
        <a
          aria-current="false"
          href="/dashboard"
        />
        <a
          aria-current="false"
          href="/login"
        />
        <div
          class="translation dropdown"
        >
          <span
            aria-expanded="false"
            aria-haspopup="true"
            class="dropdown-toggle"
            data-toggle="dropdown"
            style="cursor:pointer"
          >
            <span
              class="sr-only"
            >
              Toggle Dropdown
            </span>
          </span>
          <div
            aria-hidden="true"
            class="transMenu dropdown-menu"
            role="menu"
            tabindex="-1"
          >
            <div
              class="locale"
            >
              <a
                href="#"
              />
            </div>
            <div
              class="locale"
            >
              <a
                href="#"
              />
            </div>
          </div>
        </div>
      </div>
    </div>
  </div>,
  <div
    class="main"
  />,
  <div
    class="footer"
  >
    <div
      class="wrapper"
    >
      <span
        class="logo"
      >
        <img
          alt="logo"
          height="100%"
          src="/assets/logo_grey.svg"
        />
      </span>
      <ul
        class="terms"
      >
        <li>
          <a
            href="javascript:;"
          >
            About
          </a>
        </li>
        <li>
          <a
            href="javascript:;"
          >
            Help
          </a>
        </li>
        <li>
          <a
            href="javascript:;"
          >
            Terms
          </a>
        </li>
        <li
          class="copyright"
        >
          OpenPitrix Â© 2018
        </li>
      </ul>
    </div>
  </div>,
]
`;
