// Jest Snapshot v1, https://goo.gl/fbAQLP

exports[`Base/Checkbox basic render 1`] = `
<label
  class="checkbox test"
  disabled=""
>
  <input
    type="checkbox"
  />
  option1
</label>
`;

exports[`Base/Checkbox group render 1`] = `
<div
  class="group"
>
  <label
    class="checkbox checked"
  >
    <span
      class="icon icon-check"
      style="width:16px;height:16px"
    >
      <svg
        class="qicon qicon-check qicon-light"
        style="--primary-color:#fff;--secondary-color:#fff"
      >
        <use
          href="#check"
        />
      </svg>
    </span>
    <input
      checked=""
      type="checkbox"
    />
    option1
  </label>
  <label
    class="checkbox"
  >
    <input
      type="checkbox"
    />
    option2
  </label>
  <label
    class="checkbox checked"
  >
    <span
      class="icon icon-check"
      style="width:16px;height:16px"
    >
      <svg
        class="qicon qicon-check qicon-light"
        style="--primary-color:#fff;--secondary-color:#fff"
      >
        <use
          href="#check"
        />
      </svg>
    </span>
    <input
      checked=""
      type="checkbox"
    />
    option3
  </label>
</div>
`;
