// Jest Snapshot v1, https://goo.gl/fbAQLP

exports[`Base/Modal basic render 1`] = `undefined`;
