// Jest Snapshot v1, https://goo.gl/fbAQLP

exports[`Base/Select basic render 1`] = `
<div
  class="select"
>
  <input
    name=""
    type="hidden"
  />
  <div
    class="control"
  >
    <div
      class="controlLabel"
    >
      Please select
    </div>
    <span
      class="icon icon-caret-down"
      style="width:16px;height:16px"
    >
      <svg
        class="qicon qicon-caret-down qicon-dark"
      >
        <use
          href="#qui-caret-down"
        />
      </svg>
    </span>
  </div>
  <div
    class="options"
    style="position:absolute"
  >
    <div
      class="option"
      disabled=""
    >
      Please select
      <span
        class="icon icon-check"
        style="width:16px;height:16px"
      >
        <svg
          class="qicon qicon-check qicon-dark"
        >
          <use
            href="#qui-check"
          />
        </svg>
      </span>
    </div>
    <div
      class="option"
    >
      item1
    </div>
    <div
      class="option"
    >
      item2
    </div>
    <div
      class="option"
    >
      item3
    </div>
  </div>
</div>
`;

exports[`Base/Select disabled render 1`] = `
<div
  class="select"
  disabled=""
>
  <input
    name=""
    type="hidden"
  />
  <div
    class="control"
  >
    <div
      class="controlLabel"
    >
      Please select
    </div>
    <span
      class="icon icon-caret-down"
      style="width:16px;height:16px"
    >
      <svg
        class="qicon qicon-caret-down qicon-dark"
      >
        <use
          href="#qui-caret-down"
        />
      </svg>
    </span>
  </div>
  <div
    class="options"
    style="position:absolute"
  >
    <div
      class="option"
      disabled=""
    >
      Please select
      <span
        class="icon icon-check"
        style="width:16px;height:16px"
      >
        <svg
          class="qicon qicon-check qicon-dark"
        >
          <use
            href="#qui-check"
          />
        </svg>
      </span>
    </div>
    <div
      class="option"
    >
      item1
    </div>
    <div
      class="option"
    >
      item2
    </div>
    <div
      class="option"
    >
      item3
    </div>
  </div>
</div>
`;
