// Jest Snapshot v1, https://goo.gl/fbAQLP

exports[`Can basic render 1`] = `
<div>
  show content
</div>
`;
