// Jest Snapshot v1, https://goo.gl/fbAQLP

exports[`Component CodeMirror basic render 1`] = `undefined`;
