// Jest Snapshot v1, https://goo.gl/fbAQLP

exports[`Component DetailTabs  basic render 1`] = `
<div
  class="detailTabs"
/>
`;
