// Jest Snapshot v1, https://goo.gl/fbAQLP

exports[`Component ErrorBoundary  basic render 1`] = `
<div>
  error test
</div>
`;
