// Jest Snapshot v1, https://goo.gl/fbAQLP

exports[`Base/Footer basic render 1`] = `
<div
  class="footer"
>
  <div
    class="wrapper"
  >
    <div
      class="inner"
    >
      <span
        class="logo"
      >
        <img
          alt="logo"
          height="100%"
          src="/logo_grey.svg"
        />
      </span>
      <ul
        class="terms"
      >
        <li>
          <a
            href="https://docs.openpitrix.io/home/"
            rel="noopener noreferrer"
            target="_blank"
          >
            Document
          </a>
        </li>
        <li>
          <a
            href="/user/provider/apply"
          >
            Become App Provider
          </a>
        </li>
        <li>
          <a
            href="https://openpitrix.io"
            rel="noopener noreferrer"
            target="_blank"
          >
            About
          </a>
        </li>
        <li>
          OpenPitrix Â© 2019
        </li>
      </ul>
    </div>
  </div>
</div>
`;
