// Jest Snapshot v1, https://goo.gl/fbAQLP

exports[`Component InfiniteScroll basic render 1`] = `
<div
  class=""
>
  test
</div>
`;
