// Jest Snapshot v1, https://goo.gl/fbAQLP

exports[`Component TimeShow basic render 1`] = `
<div
  class="detailTime"
>
  2019/04/09 11:39:28
</div>
`;
