// Jest Snapshot v1, https://goo.gl/fbAQLP

exports[`Base/Form basic render 1`] = `
<form
  class="form"
/>
`;
